[
  {
    "source": "reflector-fx",
    "contract_id": "CBKGPWGKSKZF52CFHMTRR23TBWTPMRDIYZ4O2P5VS65BMHYH4DXMCJZC",
    "ledger": 62251264,
    "tx_hash": "05abe847b5e769d366b6fba6a32a820e17c0ce9d68d1d013dce6d52d27579621",
    "op_index": 0,
    "ts": "2026-04-23T14:00:00Z",
    "asset": "fiat:EUR",
    "quote": "fiat:USD",
    "price": "117046573278184",
    "decimals": 14
  },
  {
    "source": "reflector-fx",
    "contract_id": "CBKGPWGKSKZF52CFHMTRR23TBWTPMRDIYZ4O2P5VS65BMHYH4DXMCJZC",
    "ledger": 62251264,
    "tx_hash": "05abe847b5e769d366b6fba6a32a820e17c0ce9d68d1d013dce6d52d27579621",
    "op_index": 1,
    "ts": "2026-04-23T14:00:00Z",
    "asset": "fiat:GBP",
    "quote": "fiat:USD",
    "price": "135004964370166",
    "decimals": 14
  },
  {
    "source": "reflector-fx",
    "contract_id": "CBKGPWGKSKZF52CFHMTRR23TBWTPMRDIYZ4O2P5VS65BMHYH4DXMCJZC",
    "ledger": 62251264,
    "tx_hash": "05abe847b5e769d366b6fba6a32a820e17c0ce9d68d1d013dce6d52d27579621",
    "op_index": 2,
    "ts": "2026-04-23T14:00:00Z",
    "asset": "fiat:CAD",
    "quote": "fiat:USD",
    "price": "73162177818302",
    "decimals": 14
  },
  {
    "source": "reflector-fx",
    "contract_id": "CBKGPWGKSKZF52CFHMTRR23TBWTPMRDIYZ4O2P5VS65BMHYH4DXMCJZC",
    "ledger": 62251264,
    "tx_hash": "05abe847b5e769d366b6fba6a32a820e17c0ce9d68d1d013dce6d52d27579621",
    "op_index": 3,
    "ts": "2026-04-23T14:00:00Z",
    "asset": "fiat:BRL",
    "quote": "fiat:USD",
    "price": "20130828260695",
    "decimals": 14
  },
  {
    "source": "reflector-fx",
    "contract_id": "CBKGPWGKSKZF52CFHMTRR23TBWTPMRDIYZ4O2P5VS65BMHYH4DXMCJZC",
    "ledger": 62251264,
    "tx_hash": "05abe847b5e769d366b6fba6a32a820e17c0ce9d68d1d013dce6d52d27579621",
    "op_index": 4,
    "ts": "2026-04-23T14:00:00Z",
    "asset": "fiat:JPY",
    "quote": "fiat:USD",
    "price": "626828041289",
    "decimals": 14
  },
  {
    "source": "reflector-fx",
    "contract_id": "CBKGPWGKSKZF52CFHMTRR23TBWTPMRDIYZ4O2P5VS65BMHYH4DXMCJZC",
    "ledger": 62251264,
    "tx_hash": "05abe847b5e769d366b6fba6a32a820e17c0ce9d68d1d013dce6d52d27579621",
    "op_index": 5,
    "ts": "2026-04-23T14:00:00Z",
    "asset": "fiat:CNY",
    "quote": "fiat:USD",
    "price": "14643623945037",
    "decimals": 14
  },
  {
    "source": "reflector-fx",
    "contract_id": "CBKGPWGKSKZF52CFHMTRR23TBWTPMRDIYZ4O2P5VS65BMHYH4DXMCJZC",
    "ledger": 62251264,
    "tx_hash": "05abe847b5e769d366b6fba6a32a820e17c0ce9d68d1d013dce6d52d27579621",
    "op_index": 6,
    "ts": "2026-04-23T14:00:00Z",
    "asset": "fiat:MXN",
    "quote": "fiat:USD",
    "price": "5763045161525",
    "decimals": 14
  },
  {
    "source": "reflector-fx",
    "contract_id": "CBKGPWGKSKZF52CFHMTRR23TBWTPMRDIYZ4O2P5VS65BMHYH4DXMCJZC",
    "ledger": 62251264,
    "tx_hash": "05abe847b5e769d366b6fba6a32a820e17c0ce9d68d1d013dce6d52d27579621",
    "op_index": 7,
    "ts": "2026-04-23T14:00:00Z",
    "asset": "fiat:KRW",
    "quote": "fiat:USD",
    "price": "67564622545",
    "decimals": 14
  },
  {
    "source": "reflector-fx",
    "contract_id": "CBKGPWGKSKZF52CFHMTRR23TBWTPMRDIYZ4O2P5VS65BMHYH4DXMCJZC",
    "ledger": 62251264,
    "tx_hash": "05abe847b5e769d366b6fba6a32a820e17c0ce9d68d1d013dce6d52d27579621",
    "op_index": 8,
    "ts": "2026-04-23T14:00:00Z",
    "asset": "fiat:TRY",
    "quote": "fiat:USD",
    "price": "2225930197117",
    "decimals": 14
  },
  {
    "source": "reflector-fx",
    "contract_id": "CBKGPWGKSKZF52CFHMTRR23TBWTPMRDIYZ4O2P5VS65BMHYH4DXMCJZC",
    "ledger": 62251264,
    "tx_hash": "05abe847b5e769d366b6fba6a32a820e17c0ce9d68d1d013dce6d52d27579621",
    "op_index": 9,
    "ts": "2026-04-23T14:00:00Z",
    "asset": "fiat:ARS",
    "quote": "fiat:USD",
    "price": "72450832387",
    "decimals": 14
  },
  {
    "source": "reflector-fx",
    "contract_id": "CBKGPWGKSKZF52CFHMTRR23TBWTPMRDIYZ4O2P5VS65BMHYH4DXMCJZC",
    "ledger": 62251264,
    "tx_hash": "05abe847b5e769d366b6fba6a32a820e17c0ce9d68d1d013dce6d52d27579621",
    "op_index": 10,
    "ts": "2026-04-23T14:00:00Z",
    "asset": "fiat:PEN",
    "quote": "fiat:USD",
    "price": "29010468986651",
    "decimals": 14
  },
  {
    "source": "reflector-fx",
    "contract_id": "CBKGPWGKSKZF52CFHMTRR23TBWTPMRDIYZ4O2P5VS65BMHYH4DXMCJZC",
    "ledger": 62251264,
    "tx_hash": "05abe847b5e769d366b6fba6a32a820e17c0ce9d68d1d013dce6d52d27579621",
    "op_index": 11,
    "ts": "2026-04-23T14:00:00Z",
    "asset": "fiat:VES",
    "quote": "fiat:USD",
    "price": "207148347419",
    "decimals": 14
  },
  {
    "source": "reflector-fx",
    "contract_id": "CBKGPWGKSKZF52CFHMTRR23TBWTPMRDIYZ4O2P5VS65BMHYH4DXMCJZC",
    "ledger": 62251264,
    "tx_hash": "05abe847b5e769d366b6fba6a32a820e17c0ce9d68d1d013dce6d52d27579621",
    "op_index": 12,
    "ts": "2026-04-23T14:00:00Z",
    "asset": "fiat:CLP",
    "quote": "fiat:USD",
    "price": "112418465538",
    "decimals": 14
  },
  {
    "source": "reflector-fx",
    "contract_id": "CBKGPWGKSKZF52CFHMTRR23TBWTPMRDIYZ4O2P5VS65BMHYH4DXMCJZC",
    "ledger": 62251264,
    "tx_hash": "05abe847b5e769d366b6fba6a32a820e17c0ce9d68d1d013dce6d52d27579621",
    "op_index": 13,
    "ts": "2026-04-23T14:00:00Z",
    "asset": "fiat:CRC",
    "quote": "fiat:USD",
    "price": "218758844506",
    "decimals": 14
  },
  {
    "source": "reflector-fx",
    "contract_id": "CBKGPWGKSKZF52CFHMTRR23TBWTPMRDIYZ4O2P5VS65BMHYH4DXMCJZC",
    "ledger": 62251264,
    "tx_hash": "05abe847b5e769d366b6fba6a32a820e17c0ce9d68d1d013dce6d52d27579621",
    "op_index": 14,
    "ts": "2026-04-23T14:00:00Z",
    "asset": "fiat:CDF",
    "quote": "fiat:USD",
    "price": "43071883355",
    "decimals": 14
  },
  {
    "source": "reflector-fx",
    "contract_id": "CBKGPWGKSKZF52CFHMTRR23TBWTPMRDIYZ4O2P5VS65BMHYH4DXMCJZC",
    "ledger": 62251264,
    "tx_hash": "05abe847b5e769d366b6fba6a32a820e17c0ce9d68d1d013dce6d52d27579621",
    "op_index": 15,
    "ts": "2026-04-23T14:00:00Z",
    "asset": "fiat:COP",
    "quote": "fiat:USD",
    "price": "27982736056",
    "decimals": 14
  },
  {
    "source": "reflector-fx",
    "contract_id": "CBKGPWGKSKZF52CFHMTRR23TBWTPMRDIYZ4O2P5VS65BMHYH4DXMCJZC",
    "ledger": 62251264,
    "tx_hash": "05abe847b5e769d366b6fba6a32a820e17c0ce9d68d1d013dce6d52d27579621",
    "op_index": 16,
    "ts": "2026-04-23T14:00:00Z",
    "asset": "fiat:HKD",
    "quote": "fiat:USD",
    "price": "12767347425816",
    "decimals": 14
  },
  {
    "source": "reflector-fx",
    "contract_id": "CBKGPWGKSKZF52CFHMTRR23TBWTPMRDIYZ4O2P5VS65BMHYH4DXMCJZC",
    "ledger": 62251264,
    "tx_hash": "05abe847b5e769d366b6fba6a32a820e17c0ce9d68d1d013dce6d52d27579621",
    "op_index": 17,
    "ts": "2026-04-23T14:00:00Z",
    "asset": "fiat:INR",
    "quote": "fiat:USD",
    "price": "1063860922135",
    "decimals": 14
  },
  {
    "source": "reflector-fx",
    "contract_id": "CBKGPWGKSKZF52CFHMTRR23TBWTPMRDIYZ4O2P5VS65BMHYH4DXMCJZC",
    "ledger": 62251264,
    "tx_hash": "05abe847b5e769d366b6fba6a32a820e17c0ce9d68d1d013dce6d52d27579621",
    "op_index": 18,
    "ts": "2026-04-23T14:00:00Z",
    "asset": "fiat:NGN",
    "quote": "fiat:USD",
    "price": "73973880496",
    "decimals": 14
  },
  {
    "source": "reflector-fx",
    "contract_id": "CBKGPWGKSKZF52CFHMTRR23TBWTPMRDIYZ4O2P5VS65BMHYH4DXMCJZC",
    "ledger": 62251264,
    "tx_hash": "05abe847b5e769d366b6fba6a32a820e17c0ce9d68d1d013dce6d52d27579621",
    "op_index": 19,
    "ts": "2026-04-23T14:00:00Z",
    "asset": "fiat:PHP",
    "quote": "fiat:USD",
    "price": "1654872929317",
    "decimals": 14
  },
  {
    "source": "reflector-fx",
    "contract_id": "CBKGPWGKSKZF52CFHMTRR23TBWTPMRDIYZ4O2P5VS65BMHYH4DXMCJZC",
    "ledger": 62251264,
    "tx_hash": "05abe847b5e769d366b6fba6a32a820e17c0ce9d68d1d013dce6d52d27579621",
    "op_index": 20,
    "ts": "2026-04-23T14:00:00Z",
    "asset": "fiat:RUB",
    "quote": "fiat:USD",
    "price": "1329357332920",
    "decimals": 14
  },
  {
    "source": "reflector-fx",
    "contract_id": "CBKGPWGKSKZF52CFHMTRR23TBWTPMRDIYZ4O2P5VS65BMHYH4DXMCJZC",
    "ledger": 62251264,
    "tx_hash": "05abe847b5e769d366b6fba6a32a820e17c0ce9d68d1d013dce6d52d27579621",
    "op_index": 21,
    "ts": "2026-04-23T14:00:00Z",
    "asset": "fiat:ZAR",
    "quote": "fiat:USD",
    "price": "6062376718710",
    "decimals": 14
  },
  {
    "source": "reflector-fx",
    "contract_id": "CBKGPWGKSKZF52CFHMTRR23TBWTPMRDIYZ4O2P5VS65BMHYH4DXMCJZC",
    "ledger": 62251264,
    "tx_hash": "05abe847b5e769d366b6fba6a32a820e17c0ce9d68d1d013dce6d52d27579621",
    "op_index": 22,
    "ts": "2026-04-23T14:00:00Z",
    "asset": "rwa:XAU",
    "quote": "fiat:USD",
    "price": "472090243377706012",
    "decimals": 14
  },
  {
    "source": "reflector-fx",
    "contract_id": "CBKGPWGKSKZF52CFHMTRR23TBWTPMRDIYZ4O2P5VS65BMHYH4DXMCJZC",
    "ledger": 62251264,
    "tx_hash": "05abe847b5e769d366b6fba6a32a820e17c0ce9d68d1d013dce6d52d27579621",
    "op_index": 23,
    "ts": "2026-04-23T14:00:00Z",
    "asset": "fiat:KES",
    "quote": "fiat:USD",
    "price": "773511391615",
    "decimals": 14
  }
]
