[
  {
    "source": "reflector-cex",
    "contract_id": "CAFJZQWSED6YAWZU3GWRTOCNPPCGBN32L7QV43XX5LZLFTK6JLN34DLN",
    "ledger": 62251318,
    "tx_hash": "16fe2dc65f0431ca2f2b8922b30addaf45bcd0a302fe330945b862fe1e86aa57",
    "op_index": 0,
    "ts": "2026-04-23T14:05:00Z",
    "asset": "crypto:BTC",
    "quote": "fiat:USD",
    "price": "7753546697470478022",
    "decimals": 14
  },
  {
    "source": "reflector-cex",
    "contract_id": "CAFJZQWSED6YAWZU3GWRTOCNPPCGBN32L7QV43XX5LZLFTK6JLN34DLN",
    "ledger": 62251318,
    "tx_hash": "16fe2dc65f0431ca2f2b8922b30addaf45bcd0a302fe330945b862fe1e86aa57",
    "op_index": 1,
    "ts": "2026-04-23T14:05:00Z",
    "asset": "crypto:ETH",
    "quote": "fiat:USD",
    "price": "232003529694322090",
    "decimals": 14
  },
  {
    "source": "reflector-cex",
    "contract_id": "CAFJZQWSED6YAWZU3GWRTOCNPPCGBN32L7QV43XX5LZLFTK6JLN34DLN",
    "ledger": 62251318,
    "tx_hash": "16fe2dc65f0431ca2f2b8922b30addaf45bcd0a302fe330945b862fe1e86aa57",
    "op_index": 2,
    "ts": "2026-04-23T14:05:00Z",
    "asset": "crypto:USDT",
    "quote": "fiat:USD",
    "price": "100040170449858",
    "decimals": 14
  },
  {
    "source": "reflector-cex",
    "contract_id": "CAFJZQWSED6YAWZU3GWRTOCNPPCGBN32L7QV43XX5LZLFTK6JLN34DLN",
    "ledger": 62251318,
    "tx_hash": "16fe2dc65f0431ca2f2b8922b30addaf45bcd0a302fe330945b862fe1e86aa57",
    "op_index": 3,
    "ts": "2026-04-23T14:05:00Z",
    "asset": "crypto:XRP",
    "quote": "fiat:USD",
    "price": "141579348194309",
    "decimals": 14
  },
  {
    "source": "reflector-cex",
    "contract_id": "CAFJZQWSED6YAWZU3GWRTOCNPPCGBN32L7QV43XX5LZLFTK6JLN34DLN",
    "ledger": 62251318,
    "tx_hash": "16fe2dc65f0431ca2f2b8922b30addaf45bcd0a302fe330945b862fe1e86aa57",
    "op_index": 4,
    "ts": "2026-04-23T14:05:00Z",
    "asset": "crypto:SOL",
    "quote": "fiat:USD",
    "price": "8570872500278113",
    "decimals": 14
  },
  {
    "source": "reflector-cex",
    "contract_id": "CAFJZQWSED6YAWZU3GWRTOCNPPCGBN32L7QV43XX5LZLFTK6JLN34DLN",
    "ledger": 62251318,
    "tx_hash": "16fe2dc65f0431ca2f2b8922b30addaf45bcd0a302fe330945b862fe1e86aa57",
    "op_index": 5,
    "ts": "2026-04-23T14:05:00Z",
    "asset": "crypto:USDC",
    "quote": "fiat:USD",
    "price": "99960015993602",
    "decimals": 14
  },
  {
    "source": "reflector-cex",
    "contract_id": "CAFJZQWSED6YAWZU3GWRTOCNPPCGBN32L7QV43XX5LZLFTK6JLN34DLN",
    "ledger": 62251318,
    "tx_hash": "16fe2dc65f0431ca2f2b8922b30addaf45bcd0a302fe330945b862fe1e86aa57",
    "op_index": 6,
    "ts": "2026-04-23T14:05:00Z",
    "asset": "crypto:ADA",
    "quote": "fiat:USD",
    "price": "24748783807263",
    "decimals": 14
  },
  {
    "source": "reflector-cex",
    "contract_id": "CAFJZQWSED6YAWZU3GWRTOCNPPCGBN32L7QV43XX5LZLFTK6JLN34DLN",
    "ledger": 62251318,
    "tx_hash": "16fe2dc65f0431ca2f2b8922b30addaf45bcd0a302fe330945b862fe1e86aa57",
    "op_index": 7,
    "ts": "2026-04-23T14:05:00Z",
    "asset": "crypto:AVAX",
    "quote": "fiat:USD",
    "price": "926455517483369",
    "decimals": 14
  },
  {
    "source": "reflector-cex",
    "contract_id": "CAFJZQWSED6YAWZU3GWRTOCNPPCGBN32L7QV43XX5LZLFTK6JLN34DLN",
    "ledger": 62251318,
    "tx_hash": "16fe2dc65f0431ca2f2b8922b30addaf45bcd0a302fe330945b862fe1e86aa57",
    "op_index": 8,
    "ts": "2026-04-23T14:05:00Z",
    "asset": "crypto:DOT",
    "quote": "fiat:USD",
    "price": "124102580613755",
    "decimals": 14
  },
  {
    "source": "reflector-cex",
    "contract_id": "CAFJZQWSED6YAWZU3GWRTOCNPPCGBN32L7QV43XX5LZLFTK6JLN34DLN",
    "ledger": 62251318,
    "tx_hash": "16fe2dc65f0431ca2f2b8922b30addaf45bcd0a302fe330945b862fe1e86aa57",
    "op_index": 9,
    "ts": "2026-04-23T14:05:00Z",
    "asset": "crypto:LINK",
    "quote": "fiat:USD",
    "price": "926139648319884",
    "decimals": 14
  },
  {
    "source": "reflector-cex",
    "contract_id": "CAFJZQWSED6YAWZU3GWRTOCNPPCGBN32L7QV43XX5LZLFTK6JLN34DLN",
    "ledger": 62251318,
    "tx_hash": "16fe2dc65f0431ca2f2b8922b30addaf45bcd0a302fe330945b862fe1e86aa57",
    "op_index": 10,
    "ts": "2026-04-23T14:05:00Z",
    "asset": "crypto:DAI",
    "quote": "fiat:USD",
    "price": "99974794116214",
    "decimals": 14
  },
  {
    "source": "reflector-cex",
    "contract_id": "CAFJZQWSED6YAWZU3GWRTOCNPPCGBN32L7QV43XX5LZLFTK6JLN34DLN",
    "ledger": 62251318,
    "tx_hash": "16fe2dc65f0431ca2f2b8922b30addaf45bcd0a302fe330945b862fe1e86aa57",
    "op_index": 11,
    "ts": "2026-04-23T14:05:00Z",
    "asset": "crypto:ATOM",
    "quote": "fiat:USD",
    "price": "186778870323927",
    "decimals": 14
  },
  {
    "source": "reflector-cex",
    "contract_id": "CAFJZQWSED6YAWZU3GWRTOCNPPCGBN32L7QV43XX5LZLFTK6JLN34DLN",
    "ledger": 62251318,
    "tx_hash": "16fe2dc65f0431ca2f2b8922b30addaf45bcd0a302fe330945b862fe1e86aa57",
    "op_index": 12,
    "ts": "2026-04-23T14:05:00Z",
    "asset": "crypto:XLM",
    "quote": "fiat:USD",
    "price": "17651805815000",
    "decimals": 14
  },
  {
    "source": "reflector-cex",
    "contract_id": "CAFJZQWSED6YAWZU3GWRTOCNPPCGBN32L7QV43XX5LZLFTK6JLN34DLN",
    "ledger": 62251318,
    "tx_hash": "16fe2dc65f0431ca2f2b8922b30addaf45bcd0a302fe330945b862fe1e86aa57",
    "op_index": 13,
    "ts": "2026-04-23T14:05:00Z",
    "asset": "crypto:UNI",
    "quote": "fiat:USD",
    "price": "326737367925803",
    "decimals": 14
  },
  {
    "source": "reflector-cex",
    "contract_id": "CAFJZQWSED6YAWZU3GWRTOCNPPCGBN32L7QV43XX5LZLFTK6JLN34DLN",
    "ledger": 62251318,
    "tx_hash": "16fe2dc65f0431ca2f2b8922b30addaf45bcd0a302fe330945b862fe1e86aa57",
    "op_index": 14,
    "ts": "2026-04-23T14:05:00Z",
    "asset": "crypto:EURC",
    "quote": "fiat:USD",
    "price": "116886086237575",
    "decimals": 14
  }
]
