[
  {
    "source": "reflector-cex",
    "contract_id": "CAFJZQWSED6YAWZU3GWRTOCNPPCGBN32L7QV43XX5LZLFTK6JLN34DLN",
    "ledger": 62251266,
    "tx_hash": "eb374149026f0cc8673d4b899f762faf30d76d1797faf311bd7d381c855a2524",
    "op_index": 0,
    "ts": "2026-04-23T14:00:00Z",
    "asset": "crypto:BTC",
    "quote": "fiat:USD",
    "price": "7752660942258101884",
    "decimals": 14
  },
  {
    "source": "reflector-cex",
    "contract_id": "CAFJZQWSED6YAWZU3GWRTOCNPPCGBN32L7QV43XX5LZLFTK6JLN34DLN",
    "ledger": 62251266,
    "tx_hash": "eb374149026f0cc8673d4b899f762faf30d76d1797faf311bd7d381c855a2524",
    "op_index": 1,
    "ts": "2026-04-23T14:00:00Z",
    "asset": "crypto:ETH",
    "quote": "fiat:USD",
    "price": "231878889672919335",
    "decimals": 14
  },
  {
    "source": "reflector-cex",
    "contract_id": "CAFJZQWSED6YAWZU3GWRTOCNPPCGBN32L7QV43XX5LZLFTK6JLN34DLN",
    "ledger": 62251266,
    "tx_hash": "eb374149026f0cc8673d4b899f762faf30d76d1797faf311bd7d381c855a2524",
    "op_index": 2,
    "ts": "2026-04-23T14:00:00Z",
    "asset": "crypto:USDT",
    "quote": "fiat:USD",
    "price": "100040645130205",
    "decimals": 14
  },
  {
    "source": "reflector-cex",
    "contract_id": "CAFJZQWSED6YAWZU3GWRTOCNPPCGBN32L7QV43XX5LZLFTK6JLN34DLN",
    "ledger": 62251266,
    "tx_hash": "eb374149026f0cc8673d4b899f762faf30d76d1797faf311bd7d381c855a2524",
    "op_index": 3,
    "ts": "2026-04-23T14:00:00Z",
    "asset": "crypto:XRP",
    "quote": "fiat:USD",
    "price": "141540738751266",
    "decimals": 14
  },
  {
    "source": "reflector-cex",
    "contract_id": "CAFJZQWSED6YAWZU3GWRTOCNPPCGBN32L7QV43XX5LZLFTK6JLN34DLN",
    "ledger": 62251266,
    "tx_hash": "eb374149026f0cc8673d4b899f762faf30d76d1797faf311bd7d381c855a2524",
    "op_index": 4,
    "ts": "2026-04-23T14:00:00Z",
    "asset": "crypto:SOL",
    "quote": "fiat:USD",
    "price": "8571912330399259",
    "decimals": 14
  },
  {
    "source": "reflector-cex",
    "contract_id": "CAFJZQWSED6YAWZU3GWRTOCNPPCGBN32L7QV43XX5LZLFTK6JLN34DLN",
    "ledger": 62251266,
    "tx_hash": "eb374149026f0cc8673d4b899f762faf30d76d1797faf311bd7d381c855a2524",
    "op_index": 5,
    "ts": "2026-04-23T14:00:00Z",
    "asset": "crypto:USDC",
    "quote": "fiat:USD",
    "price": "99964685691816",
    "decimals": 14
  },
  {
    "source": "reflector-cex",
    "contract_id": "CAFJZQWSED6YAWZU3GWRTOCNPPCGBN32L7QV43XX5LZLFTK6JLN34DLN",
    "ledger": 62251266,
    "tx_hash": "eb374149026f0cc8673d4b899f762faf30d76d1797faf311bd7d381c855a2524",
    "op_index": 6,
    "ts": "2026-04-23T14:00:00Z",
    "asset": "crypto:ADA",
    "quote": "fiat:USD",
    "price": "24737793646883",
    "decimals": 14
  },
  {
    "source": "reflector-cex",
    "contract_id": "CAFJZQWSED6YAWZU3GWRTOCNPPCGBN32L7QV43XX5LZLFTK6JLN34DLN",
    "ledger": 62251266,
    "tx_hash": "eb374149026f0cc8673d4b899f762faf30d76d1797faf311bd7d381c855a2524",
    "op_index": 7,
    "ts": "2026-04-23T14:00:00Z",
    "asset": "crypto:AVAX",
    "quote": "fiat:USD",
    "price": "927372382629884",
    "decimals": 14
  },
  {
    "source": "reflector-cex",
    "contract_id": "CAFJZQWSED6YAWZU3GWRTOCNPPCGBN32L7QV43XX5LZLFTK6JLN34DLN",
    "ledger": 62251266,
    "tx_hash": "eb374149026f0cc8673d4b899f762faf30d76d1797faf311bd7d381c855a2524",
    "op_index": 8,
    "ts": "2026-04-23T14:00:00Z",
    "asset": "crypto:DOT",
    "quote": "fiat:USD",
    "price": "124209361368446",
    "decimals": 14
  },
  {
    "source": "reflector-cex",
    "contract_id": "CAFJZQWSED6YAWZU3GWRTOCNPPCGBN32L7QV43XX5LZLFTK6JLN34DLN",
    "ledger": 62251266,
    "tx_hash": "eb374149026f0cc8673d4b899f762faf30d76d1797faf311bd7d381c855a2524",
    "op_index": 9,
    "ts": "2026-04-23T14:00:00Z",
    "asset": "crypto:LINK",
    "quote": "fiat:USD",
    "price": "925349341027285",
    "decimals": 14
  },
  {
    "source": "reflector-cex",
    "contract_id": "CAFJZQWSED6YAWZU3GWRTOCNPPCGBN32L7QV43XX5LZLFTK6JLN34DLN",
    "ledger": 62251266,
    "tx_hash": "eb374149026f0cc8673d4b899f762faf30d76d1797faf311bd7d381c855a2524",
    "op_index": 10,
    "ts": "2026-04-23T14:00:00Z",
    "asset": "crypto:DAI",
    "quote": "fiat:USD",
    "price": "99925000010450",
    "decimals": 14
  },
  {
    "source": "reflector-cex",
    "contract_id": "CAFJZQWSED6YAWZU3GWRTOCNPPCGBN32L7QV43XX5LZLFTK6JLN34DLN",
    "ledger": 62251266,
    "tx_hash": "eb374149026f0cc8673d4b899f762faf30d76d1797faf311bd7d381c855a2524",
    "op_index": 11,
    "ts": "2026-04-23T14:00:00Z",
    "asset": "crypto:ATOM",
    "quote": "fiat:USD",
    "price": "186756783572065",
    "decimals": 14
  },
  {
    "source": "reflector-cex",
    "contract_id": "CAFJZQWSED6YAWZU3GWRTOCNPPCGBN32L7QV43XX5LZLFTK6JLN34DLN",
    "ledger": 62251266,
    "tx_hash": "eb374149026f0cc8673d4b899f762faf30d76d1797faf311bd7d381c855a2524",
    "op_index": 12,
    "ts": "2026-04-23T14:00:00Z",
    "asset": "crypto:XLM",
    "quote": "fiat:USD",
    "price": "17666914566608",
    "decimals": 14
  },
  {
    "source": "reflector-cex",
    "contract_id": "CAFJZQWSED6YAWZU3GWRTOCNPPCGBN32L7QV43XX5LZLFTK6JLN34DLN",
    "ledger": 62251266,
    "tx_hash": "eb374149026f0cc8673d4b899f762faf30d76d1797faf311bd7d381c855a2524",
    "op_index": 13,
    "ts": "2026-04-23T14:00:00Z",
    "asset": "crypto:UNI",
    "quote": "fiat:USD",
    "price": "326657168565371",
    "decimals": 14
  },
  {
    "source": "reflector-cex",
    "contract_id": "CAFJZQWSED6YAWZU3GWRTOCNPPCGBN32L7QV43XX5LZLFTK6JLN34DLN",
    "ledger": 62251266,
    "tx_hash": "eb374149026f0cc8673d4b899f762faf30d76d1797faf311bd7d381c855a2524",
    "op_index": 14,
    "ts": "2026-04-23T14:00:00Z",
    "asset": "crypto:EURC",
    "quote": "fiat:USD",
    "price": "116893418468504",
    "decimals": 14
  }
]
