[
  {
    "source": "reflector-dex",
    "contract_id": "CALI2BYU2JE6WVRUFYTS6MSBNEHGJ35P4AVCZYF3B6QOE3QKOB2PLE6M",
    "ledger": 62251319,
    "tx_hash": "fe831d79786901487633eddccc153c79e7fc648adee54c159c365c7f56eb086f",
    "op_index": 0,
    "ts": "2026-04-23T14:05:00Z",
    "asset": "CBHIQPUXLFLC5O44ZJVUTCL5LMZFLVGU5DEIGSYKBSAPFMOGTKOQEPFM",
    "quote": "CCW67TSZV3SSS2HXMBQ5JFGCKJNXKZM7UQUWUZPUTHXSTZLEO7SJMI75",
    "price": "77946982248",
    "decimals": 14
  },
  {
    "source": "reflector-dex",
    "contract_id": "CALI2BYU2JE6WVRUFYTS6MSBNEHGJ35P4AVCZYF3B6QOE3QKOB2PLE6M",
    "ledger": 62251319,
    "tx_hash": "fe831d79786901487633eddccc153c79e7fc648adee54c159c365c7f56eb086f",
    "op_index": 1,
    "ts": "2026-04-23T14:05:00Z",
    "asset": "CAUIKL3IYGMERDRUN6YSCLWVAKIFG5Q4YJHUKM4S4NJZQIA3BAS6OJPK",
    "quote": "CCW67TSZV3SSS2HXMBQ5JFGCKJNXKZM7UQUWUZPUTHXSTZLEO7SJMI75",
    "price": "37685412579",
    "decimals": 14
  },
  {
    "source": "reflector-dex",
    "contract_id": "CALI2BYU2JE6WVRUFYTS6MSBNEHGJ35P4AVCZYF3B6QOE3QKOB2PLE6M",
    "ledger": 62251319,
    "tx_hash": "fe831d79786901487633eddccc153c79e7fc648adee54c159c365c7f56eb086f",
    "op_index": 2,
    "ts": "2026-04-23T14:05:00Z",
    "asset": "CDOFW7HNKLUZRLFZST4EW7V3AV4JI5IHMT6BPXXSY2IEFZ4NE5TWU2P4",
    "quote": "CCW67TSZV3SSS2HXMBQ5JFGCKJNXKZM7UQUWUZPUTHXSTZLEO7SJMI75",
    "price": "100018493308230",
    "decimals": 14
  },
  {
    "source": "reflector-dex",
    "contract_id": "CALI2BYU2JE6WVRUFYTS6MSBNEHGJ35P4AVCZYF3B6QOE3QKOB2PLE6M",
    "ledger": 62251319,
    "tx_hash": "fe831d79786901487633eddccc153c79e7fc648adee54c159c365c7f56eb086f",
    "op_index": 3,
    "ts": "2026-04-23T14:05:00Z",
    "asset": "CDDQRIGZRK6Z6ILV4P276HL7D3P63GFW6HBA4N4YXDMFHZ2M4VZGVYRW",
    "quote": "CCW67TSZV3SSS2HXMBQ5JFGCKJNXKZM7UQUWUZPUTHXSTZLEO7SJMI75",
    "price": "148959906066",
    "decimals": 14
  },
  {
    "source": "reflector-dex",
    "contract_id": "CALI2BYU2JE6WVRUFYTS6MSBNEHGJ35P4AVCZYF3B6QOE3QKOB2PLE6M",
    "ledger": 62251319,
    "tx_hash": "fe831d79786901487633eddccc153c79e7fc648adee54c159c365c7f56eb086f",
    "op_index": 4,
    "ts": "2026-04-23T14:05:00Z",
    "asset": "CBHBD77PWZ3AXPQVYVDBHDKEMVNOR26UZUZHWCB6QC7J5SETQPRUQAS4",
    "quote": "CCW67TSZV3SSS2HXMBQ5JFGCKJNXKZM7UQUWUZPUTHXSTZLEO7SJMI75",
    "price": "49893110126",
    "decimals": 14
  },
  {
    "source": "reflector-dex",
    "contract_id": "CALI2BYU2JE6WVRUFYTS6MSBNEHGJ35P4AVCZYF3B6QOE3QKOB2PLE6M",
    "ledger": 62251319,
    "tx_hash": "fe831d79786901487633eddccc153c79e7fc648adee54c159c365c7f56eb086f",
    "op_index": 5,
    "ts": "2026-04-23T14:05:00Z",
    "asset": "CBVDRT5474OBUEXF5MJB3UGQ5CG7CKGCAH5M4RV5NBCDJUBZ5OXHJLOU",
    "quote": "CCW67TSZV3SSS2HXMBQ5JFGCKJNXKZM7UQUWUZPUTHXSTZLEO7SJMI75",
    "price": "105387334617774",
    "decimals": 14
  },
  {
    "source": "reflector-dex",
    "contract_id": "CALI2BYU2JE6WVRUFYTS6MSBNEHGJ35P4AVCZYF3B6QOE3QKOB2PLE6M",
    "ledger": 62251319,
    "tx_hash": "fe831d79786901487633eddccc153c79e7fc648adee54c159c365c7f56eb086f",
    "op_index": 6,
    "ts": "2026-04-23T14:05:00Z",
    "asset": "CAS3J7GYLGXMF6TDJBBYYSE3HQ6BBSMLNUQ34T6TZMYMW2EVH34XOWMA",
    "quote": "CCW67TSZV3SSS2HXMBQ5JFGCKJNXKZM7UQUWUZPUTHXSTZLEO7SJMI75",
    "price": "17685106613282",
    "decimals": 14
  },
  {
    "source": "reflector-dex",
    "contract_id": "CALI2BYU2JE6WVRUFYTS6MSBNEHGJ35P4AVCZYF3B6QOE3QKOB2PLE6M",
    "ledger": 62251319,
    "tx_hash": "fe831d79786901487633eddccc153c79e7fc648adee54c159c365c7f56eb086f",
    "op_index": 7,
    "ts": "2026-04-23T14:05:00Z",
    "asset": "CAAV3AE3VKD2P4TY7LWTQMMJHIJ4WOCZ5ANCIJPC3NRSERKVXNHBU2W7",
    "quote": "CCW67TSZV3SSS2HXMBQ5JFGCKJNXKZM7UQUWUZPUTHXSTZLEO7SJMI75",
    "price": "141406825538381",
    "decimals": 14
  },
  {
    "source": "reflector-dex",
    "contract_id": "CALI2BYU2JE6WVRUFYTS6MSBNEHGJ35P4AVCZYF3B6QOE3QKOB2PLE6M",
    "ledger": 62251319,
    "tx_hash": "fe831d79786901487633eddccc153c79e7fc648adee54c159c365c7f56eb086f",
    "op_index": 8,
    "ts": "2026-04-23T14:05:00Z",
    "asset": "CDTKPWPLOURQA2SGTKTUQOWRCBZEORB4BWBOMJ3D3ZTQQSGE5F6JBQLV",
    "quote": "CCW67TSZV3SSS2HXMBQ5JFGCKJNXKZM7UQUWUZPUTHXSTZLEO7SJMI75",
    "price": "116903647639679",
    "decimals": 14
  },
  {
    "source": "reflector-dex",
    "contract_id": "CALI2BYU2JE6WVRUFYTS6MSBNEHGJ35P4AVCZYF3B6QOE3QKOB2PLE6M",
    "ledger": 62251319,
    "tx_hash": "fe831d79786901487633eddccc153c79e7fc648adee54c159c365c7f56eb086f",
    "op_index": 9,
    "ts": "2026-04-23T14:05:00Z",
    "asset": "CBLLEW7HD2RWATVSMLAGWM4G3WCHSHDJ25ALP4DI6LULV5TU35N2CIZA",
    "quote": "CCW67TSZV3SSS2HXMBQ5JFGCKJNXKZM7UQUWUZPUTHXSTZLEO7SJMI75",
    "price": "2354902979831",
    "decimals": 14
  },
  {
    "source": "reflector-dex",
    "contract_id": "CALI2BYU2JE6WVRUFYTS6MSBNEHGJ35P4AVCZYF3B6QOE3QKOB2PLE6M",
    "ledger": 62251319,
    "tx_hash": "fe831d79786901487633eddccc153c79e7fc648adee54c159c365c7f56eb086f",
    "op_index": 10,
    "ts": "2026-04-23T14:05:00Z",
    "asset": "CB226ZOEYXTBPD3QEGABTJYSKZVBP2PASEISLG3SBMTN5CE4QZUVZ3CE",
    "quote": "CCW67TSZV3SSS2HXMBQ5JFGCKJNXKZM7UQUWUZPUTHXSTZLEO7SJMI75",
    "price": "100003795657976",
    "decimals": 14
  },
  {
    "source": "reflector-dex",
    "contract_id": "CALI2BYU2JE6WVRUFYTS6MSBNEHGJ35P4AVCZYF3B6QOE3QKOB2PLE6M",
    "ledger": 62251319,
    "tx_hash": "fe831d79786901487633eddccc153c79e7fc648adee54c159c365c7f56eb086f",
    "op_index": 11,
    "ts": "2026-04-23T14:05:00Z",
    "asset": "CAL6ER2TI6CTRAY6BFXWNWA7WTYXUXTQCHUBCIBU5O6KM3HJFG6Z6VXV",
    "quote": "CCW67TSZV3SSS2HXMBQ5JFGCKJNXKZM7UQUWUZPUTHXSTZLEO7SJMI75",
    "price": "6668129792013",
    "decimals": 14
  },
  {
    "source": "reflector-dex",
    "contract_id": "CALI2BYU2JE6WVRUFYTS6MSBNEHGJ35P4AVCZYF3B6QOE3QKOB2PLE6M",
    "ledger": 62251319,
    "tx_hash": "fe831d79786901487633eddccc153c79e7fc648adee54c159c365c7f56eb086f",
    "op_index": 12,
    "ts": "2026-04-23T14:05:00Z",
    "asset": "CBLV4ATSIWU67CFSQU2NVRKINQIKUZ2ODSZBUJTJ43VJVRSBTZYOPNUR",
    "quote": "CCW67TSZV3SSS2HXMBQ5JFGCKJNXKZM7UQUWUZPUTHXSTZLEO7SJMI75",
    "price": "106189705893542",
    "decimals": 14
  },
  {
    "source": "reflector-dex",
    "contract_id": "CALI2BYU2JE6WVRUFYTS6MSBNEHGJ35P4AVCZYF3B6QOE3QKOB2PLE6M",
    "ledger": 62251319,
    "tx_hash": "fe831d79786901487633eddccc153c79e7fc648adee54c159c365c7f56eb086f",
    "op_index": 13,
    "ts": "2026-04-23T14:05:00Z",
    "asset": "CD6M4R2322BYCY2LNWM74PEBQAQ63SA3DUJLI3L4225U4ZVCLMSCBCIS",
    "quote": "CCW67TSZV3SSS2HXMBQ5JFGCKJNXKZM7UQUWUZPUTHXSTZLEO7SJMI75",
    "price": "24037927752900",
    "decimals": 14
  },
  {
    "source": "reflector-dex",
    "contract_id": "CALI2BYU2JE6WVRUFYTS6MSBNEHGJ35P4AVCZYF3B6QOE3QKOB2PLE6M",
    "ledger": 62251319,
    "tx_hash": "fe831d79786901487633eddccc153c79e7fc648adee54c159c365c7f56eb086f",
    "op_index": 14,
    "ts": "2026-04-23T14:05:00Z",
    "asset": "CDANHN6OUDZNFWDCEU6ZWCIC4DPHVFXP3QPARHALFOF26HLC45JWRTWP",
    "quote": "CCW67TSZV3SSS2HXMBQ5JFGCKJNXKZM7UQUWUZPUTHXSTZLEO7SJMI75",
    "price": "99933357118057",
    "decimals": 14
  }
]
