# History citations in product Go comments, one per comment line: <path>\t<first match>.
# Shrink-only: delete a line when its citation goes; scripts/ci/lint-comments fails on new or stale entries.
internal/api/v1/dashboardkeys/handlers.go	2026-05-12
internal/api/v1/dashboardkeys/handlers.go	2026-07
internal/api/v1/dashboardkeys/handlers.go	2026-07
internal/api/v1/dashboardkeys/handlers.go	2026-08-04
internal/api/v1/dashboardkeys/handlers.go	2026-08-04
internal/api/v1/dashboardkeys/handlers.go	F-1212
internal/api/v1/dashboardkeys/handlers.go	F-1212
internal/api/v1/dashboardkeys/handlers.go	F-1257
internal/api/v1/dashboardkeys/handlers.go	T284
internal/api/v1/dashboardpricealerts/doc.go	F-1235
internal/api/v1/dashboardpricealerts/handlers.go	T284
internal/api/v1/dashboardwebhooks/doc.go	F-1235
internal/api/v1/dashboardwebhooks/doc.go	F-1270
internal/api/v1/dashboardwebhooks/handlers.go	CS-008
internal/api/v1/dashboardwebhooks/handlers.go	CS-055
internal/api/v1/dashboardwebhooks/handlers.go	F-1245
internal/api/v1/dashboardwebhooks/handlers.go	F-1248
internal/api/v1/dashboardwebhooks/handlers.go	F-1248
internal/api/wiretime/wiretime.go	2026-06
internal/archivecompleteness/cross_anchor_fill.go	2026-04-28
internal/archivecompleteness/cross_anchor_fill.go	2026-04-28
internal/archivecompleteness/cross_anchor_fill.go	2026-07-23
internal/archivecompleteness/cross_anchor_fill.go	2026-08-04
internal/archivecompleteness/cross_anchor_fill.go	2026-08-04
internal/archivecompleteness/cross_anchor_fill.go	2026-08-26
internal/archivecompleteness/cross_anchor_fill.go	live-001
internal/archivecompleteness/metrics.go	2026-07-23
internal/archivecompleteness/metrics.go	2026-07-23
internal/auth/sep10/validator.go	2026-07-23
internal/auth/sep10/validator.go	F-1224
internal/auth/sep10/validator.go	F-1224
internal/auth/sep10/validator.go	F-1224
internal/cachekeys/keys.go	#1294
internal/cachekeys/keys.go	#1317
internal/cachekeys/keys.go	F-0014
internal/cachekeys/keys.go	F-1344
internal/canonical/discovery/sink.go	2026-07-16
internal/canonical/discovery/sniffer.go	2026-07-10
internal/canonical/safetime.go	2001-09-09
internal/canonical/safetime.go	2001-09-09
internal/canonical/safetime.go	pre-2001
internal/completeness/audit_axis.go	#465
internal/completeness/reconcile.go	#371
internal/completeness/reconcile.go	2026-07-23
internal/completeness/rollup.go	2026-07-06
internal/currency/verified.go	2026-05-11
internal/currency/verified.go	2026-08-04
internal/currency/verified.go	K033
internal/currency/verified.go	K033
internal/currency/verified.go	K033
internal/currency/verified.go	K033
internal/currency/verified.go	LC-001
internal/currency/verified.go	LC-001
internal/decimalsguard/guard.go	2026-06-22
internal/decimalsguard/guard.go	2026-07-09
internal/decimalsguard/guard.go	2026-07-09
internal/decimalsguard/guard.go	2026-07-09
internal/decimalsguard/guard.go	2026-07-10
internal/decimalsguard/guard.go	2026-07-22
internal/decimalsguard/guard.go	2026-08-05
internal/domain/accounts.go	2026-07-16
internal/domain/blend.go	2026-07-10
internal/domain/sorobanevents.go	2026-07-16
internal/incidents/incidents.go	2026-08-03
internal/incidents/incidents.go	2026-08-03
internal/metadata/sep1.go	2026-09-16
internal/metadata/sep1.go	CS-008
internal/metadata/sep1.go	F-1336
internal/nettools/ssrf.go	2026-07-23
internal/nettools/ssrf.go	CS-008
internal/notify/noop.go	RLT-321
internal/notify/sender.go	RLT-321
internal/ops/chops/ch_rebuild.go	INV-3
internal/ops/chops/ch_rebuild.go	INV-3
internal/ops/chops/projected_rebuild.go	INV-3
internal/ops/chops/usd_volume_restamp.go	INV-3
internal/ops/chops/usd_volume_restamp_chunks.go	INV-3
internal/ops/chops/usd_volume_restamp_chunks.go	INV-3
internal/ops/chops/usd_volume_restamp_chunks_exact.go	INV-3
internal/ops/chops/usd_volume_restamp_mirrors.go	INV-3
internal/ops/diagnostics/diagnostics.go	2026-07-01
internal/ops/diagnostics/hubble_check.go	2026-08-04
internal/ops/diagnostics/verify_decoders.go	RLT-282
internal/ops/diagnostics/verify_decoders.go	RLT-282
internal/ops/diagnostics/verify_external.go	F-1237
internal/ops/incident/emit_incident.go	2026-05-12
internal/ops/incident/emit_incident.go	F-1249
internal/ops/ingest/backfill_chainlink.go	INV-3
internal/ops/ingest/backfill_chainlink.go	INV-3
internal/ops/ingest/backfill_external.go	INV-3
internal/ops/ingest/backfill_index.go	2017-08-23
internal/ops/ingest/backfill_index.go	2017-11-15
internal/ops/ingest/backfill_index.go	2018-02-15
internal/ops/ingest/backfill_index.go	INV-3
internal/ops/ingest/backfill_index.go	pre-2018
internal/ops/ingest/backfill_router.go	INV-3
internal/ops/ingest/resume_stalled.go	INV-3
internal/ops/keys/mint_key.go	2026-07-23
internal/ops/keys/upgrade_key.go	2026-09
internal/ops/opsutil/job_heartbeat.go	2026-07-23
internal/ops/opsutil/job_heartbeat.go	2026-09-09
internal/ops/opsutil/job_heartbeat.go	T597
internal/ops/opsutil/job_heartbeat.go	T597
internal/ops/opsutil/job_heartbeat.go	T597
internal/ops/opsutil/opsutil.go	2026-05-25
internal/ops/opsutil/opsutil.go	2026-07-01
internal/ops/opsutil/opsutil.go	2026-07-15
internal/ops/opsutil/opsutil.go	2026-07-15
internal/ops/opsutil/opsutil.go	2026-07-25
internal/ops/opsutil/opsutil.go	2026-07-25
internal/ops/opsutil/opsutil.go	INV-3
internal/ops/opsutil/opsutil.go	K015
internal/ops/usage/usage_rollup_backfill.go	2026-07-19
internal/platform/account.go	2026-07
internal/platform/account.go	2026-08-10
internal/platform/account.go	2026-08-11
internal/platform/account.go	F-1212
internal/platform/apikey.go	2026-07-23
internal/platform/apikey.go	F-1257
internal/platform/doc.go	2026-07-23
internal/platform/errors.go	F-1248
internal/platform/errors.go	F-1257
internal/platform/pricealert.go	#368
internal/platform/usage.go	2026-07-23
internal/platform/webhook.go	F-1248
internal/platform/webhook.go	F-1270
internal/platform/webhook.go	F-1270
internal/pricelesscoverage/worker.go	#161
internal/pricelesscoverage/worker.go	#161
internal/pricelesscoverage/worker.go	2026-09-17
internal/pricelesscoverage/worker.go	K024
internal/pricelesscoverage/worker.go	K024
internal/pricingguard/guard.go	F031
internal/pricingguard/scam.go	#182
internal/pricingguard/scam.go	2026-08-25
internal/pricingguard/scam.go	2026-09-04
internal/pricingguard/scam.go	F002
internal/pricingguard/scam.go	F002
internal/pricingguard/scam.go	F019
internal/pricingguard/substance.go	2026-08-04
internal/pricingguard/substance.go	2026-08-04
internal/pricingguard/substance.go	2026-08-05
internal/pricingguard/substance.go	T038
internal/ratelimit/bucket.go	F-0050
internal/ratelimit/bucket.go	F-0050
internal/ratelimit/bucket.go	F-0050
internal/ratelimit/bucket.go	F035
internal/ratelimit/bucket.go	K009
internal/ratelimit/doc.go	F-0050
internal/ratelimit/fixedwindow.go	2026-07-23
internal/ratelimit/inprocess.go	2026-07-23
internal/rwa/constant_nav.go	2026-09-16
internal/rwa/contract.go	2026-09-10
internal/rwa/contract.go	2026-09-15
internal/rwa/contract.go	2026-09-15
internal/rwa/contract.go	2026-09-15
internal/rwa/contract.go	2026-09-16
internal/rwa/contract.go	2026-09-16
internal/rwa/oracle_reference.go	2026-07-27
internal/rwa/oracle_reference.go	2026-08
internal/rwa/oracle_reference.go	2026-09-09
internal/rwa/oracle_reference.go	2026-09-11
internal/rwa/oracle_reference.go	2026-09-11
internal/rwa/rwa.go	2026-09-05
internal/scval/display.go	2026-08-04
internal/scval/display.go	2026-08-04
internal/scval/scval.go	2025-09-03
internal/scval/scval.go	2026-05-28
internal/signupreaper/reaper.go	#368
internal/signupreaper/reaper.go	F-1255
internal/signupreaper/reaper.go	F-1255
internal/signupreaper/reaper.go	F-1255
internal/signupreaper/reaper.go	F-1255
internal/sources/blend_emitter/events.go	2026-07-09
internal/sources/blend_emitter/events.go	2026-07-09
internal/sources/blend_emitter/events.go	2026-07-09
internal/sources/blend_emitter/events.go	2026-07-10
internal/sources/blend_emitter/events.go	2026-07-10
internal/sources/blend_emitter/events.go	2026-08-03
internal/sources/claimable_balances/dispatcher_adapter.go	2026-08-04
internal/sources/claimable_balances/dispatcher_adapter.go	PR 3
internal/sources/claimable_balances/doc.go	2026-07-23
internal/sources/claimable_balances/events.go	2026-07-16
internal/sources/classicmovements/decode.go	2026-07-12
internal/sources/classicmovements/dispatcher_adapter.go	2026-07-13
internal/sources/classicmovements/doc.go	2025-09-03
internal/sources/classicmovements/doc.go	2026-07-10
internal/sources/classicmovements/doc.go	2026-07-10
internal/sources/classicmovements/events.go	2025-09-03
internal/sources/external/binance/events.go	2026-04-24
internal/sources/external/binance/streamer.go	F-0029
internal/sources/external/binance/streamer.go	F-0029
internal/sources/external/bitstamp/pairs.go	2026-05-05
internal/sources/external/bitstamp/pairs.go	2026-05-14
internal/sources/external/bitstamp/parse.go	2026-04-24
internal/sources/external/chainlink/decode.go	F-1323
internal/sources/external/chainlink/decode.go	F-1323
internal/sources/external/chainlink/decode.go	F-1323
internal/sources/external/chainlink/defaults.go	2026-05-14
internal/sources/external/chainlink/events.go	F-1323
internal/sources/external/chainlink/events.go	F-1323
internal/sources/external/chainlink/poller.go	#939
internal/sources/external/chainlink/poller.go	#939
internal/sources/external/chainlink/poller.go	F-1323
internal/sources/external/coinbase/pairs.go	2026-05-05
internal/sources/external/coinbase/pairs.go	2026-05-14
internal/sources/external/coinbase/pairs.go	2026-08-27
internal/sources/external/coinbase/streamer.go	F-0029
internal/sources/external/coingecko/backfill.go	#600
internal/sources/external/coingecko/backfill.go	2026-09-08
internal/sources/external/coingecko/poller.go	2026-04-24
internal/sources/external/coingecko/poller.go	2026-05-09
internal/sources/external/coingecko/poller.go	2026-05-10
internal/sources/external/coingecko/poller.go	F-0030
internal/sources/external/coinmarketcap/poller.go	#600
internal/sources/external/coinmarketcap/poller.go	2026-04-24
internal/sources/external/coinmarketcap/poller.go	F-1237
internal/sources/external/ecb/poller.go	2026-04-23
internal/sources/external/ecb/poller.go	2026-04-24
internal/sources/external/exchangeratesapi/events.go	2026-04-24
internal/sources/external/exchangeratesapi/events.go	2026-04-24
internal/sources/external/exchangeratesapi/poller.go	#371
internal/sources/external/frankfurter/client.go	#600
internal/sources/external/frankfurter/client.go	#600
internal/sources/external/kraken/backfill.go	#371
internal/sources/external/kraken/backfill_trades.go	#371
internal/sources/external/kraken/events.go	2026-04
internal/sources/external/kraken/pairs.go	2026-05-05
internal/sources/external/kraken/pairs.go	Pre-2026
internal/sources/external/kraken/parse.go	2026-04-24
internal/sources/external/kraken/streamer.go	F-0029
internal/sources/external/tiingo/events.go	2026-09
internal/sources/external/tiingo/events.go	2026-09-22
internal/sources/liquidity_pools/dispatcher_adapter.go	2026-08-04
internal/sources/liquidity_pools/dispatcher_adapter.go	PR 4
internal/sources/liquidity_pools/doc.go	2026-07-23
internal/sources/liquidity_pools/events.go	2026-07-16
internal/sources/reflector/decode.go	2026-04-23
internal/sources/sac_balances/dispatcher_adapter.go	PR 4
internal/sources/sac_balances/dispatcher_adapter.go	PR 5
internal/sources/sac_balances/dispatcher_adapter.go	Q119
internal/sources/sac_balances/dispatcher_adapter.go	Q120
internal/sources/sac_balances/dispatcher_adapter.go	Q120
internal/sources/sac_balances/doc.go	PR 5
internal/sources/sac_balances/events.go	2026-07-16
internal/sources/sdex/decode.go	2026-07-23
internal/sources/sdex/decode.go	F-1233
internal/sources/sdex/dispatcher_adapter.go	2026-08-04
internal/sources/sep41_transfers/dispatcher_adapter.go	F-0021
internal/sources/sep41_transfers/dispatcher_adapter.go	F-1316
internal/sources/sep41_transfers/dispatcher_adapter.go	F-1324
internal/sources/sep41_transfers/doc.go	F-0021
internal/sources/sorobanevents/dispatcher_adapter.go	2026-05-26
internal/sources/sorobanevents/dispatcher_adapter.go	2026-07-23
internal/sources/sorobanevents/dispatcher_adapter.go	2026-07-23
internal/sources/sorobanevents/dispatcher_adapter.go	2026-08-28
internal/sources/sorobanevents/events.go	2026-07-16
internal/sources/sorobanevents/reconstruct.go	2026-07-16
internal/sources/sorobanevents/reconstruct.go	Q123
internal/sources/sorocredit/dispatcher_adapter.go	2026-07-07
internal/sources/sorocredit/events.go	2026-03-12
internal/sources/sorocredit/events.go	2026-07-07
internal/sources/sorocredit/events.go	2026-07-07
internal/sources/sorocredit/events.go	2026-08-18
internal/sources/soroswap_router/events.go	2026-05-19
internal/sources/sushiswap_v3/events.go	2026-09-05
internal/sources/sushiswap_v3/events.go	2026-09-05
internal/sources/trustlines/dispatcher_adapter.go	PR 2
internal/sources/trustlines/events.go	2026-07-16
internal/sources/upshift/dispatcher_adapter.go	INV-3
internal/sources/upshift/events.go	2026-09-09
internal/sources/upshift/events.go	2026-09-09
internal/sources/upshift/events.go	2026-09-09
internal/stellarrpc/doc.go	2026-04-23
internal/stellarrpc/doc.go	2026-04-23
internal/stellarrpc/types.go	2025-12-16
internal/storage/timescale/aggregates.go	2000-01-03
internal/storage/timescale/bespoke_dex.go	2026-03-18
internal/storage/timescale/bespoke_dex.go	2026-03-18
internal/storage/timescale/bespoke_lending.go	2024-05-02
internal/storage/timescale/bespoke_oracle.go	2026-03-11
internal/storage/timescale/bespoke_yield.go	2025-05-13
internal/storage/timescale/classic_supply_observations.go	2026-07-16
internal/storage/timescale/classic_supply_observations.go	2026-07-16
internal/storage/timescale/classic_supply_observations.go	2026-07-16
internal/storage/timescale/classic_supply_observations.go	2026-07-16
internal/storage/timescale/classic_supply_observations.go	2026-07-16
internal/storage/timescale/classic_supply_observations.go	2026-07-16
internal/storage/timescale/classic_supply_observations.go	2026-07-16
internal/storage/timescale/classic_supply_observations.go	2026-07-16
internal/storage/timescale/classic_supply_observations.go	2026-07-16
internal/storage/timescale/classic_supply_observations.go	2026-07-28
internal/storage/timescale/classic_supply_observations.go	CS-087
internal/storage/timescale/classic_supply_observations.go	CS-102
internal/storage/timescale/classic_supply_observations.go	F-1236
internal/storage/timescale/classic_supply_observations.go	INV-3
internal/storage/timescale/classic_supply_observations.go	RLT-248
internal/storage/timescale/diagnostics.go	2026-05
internal/storage/timescale/diagnostics.go	2026-05-14
internal/storage/timescale/diagnostics.go	2026-05-14
internal/storage/timescale/diagnostics.go	2026-05-14
internal/storage/timescale/diagnostics.go	2026-05-14
internal/storage/timescale/diagnostics.go	2026-05-14
internal/storage/timescale/diagnostics.go	2026-05-14
internal/storage/timescale/diagnostics.go	2026-05-14
internal/storage/timescale/diagnostics.go	2026-07-16
internal/storage/timescale/diagnostics.go	2026-08-22
internal/storage/timescale/diagnostics.go	2026-09-03
internal/storage/timescale/markets.go	#441
internal/storage/timescale/markets.go	#441
internal/storage/timescale/markets.go	2026-04
internal/storage/timescale/markets.go	2026-05-04
internal/storage/timescale/markets.go	2026-05-11
internal/storage/timescale/markets.go	2026-05-19
internal/storage/timescale/markets.go	2026-05-27
internal/storage/timescale/markets.go	2026-06-01
internal/storage/timescale/markets.go	2026-08-03
internal/storage/timescale/markets.go	2026-09-03
internal/storage/timescale/markets.go	F-0065
internal/storage/timescale/markets.go	F-0065
internal/storage/timescale/markets.go	F-1340
internal/storage/timescale/markets.go	F027
internal/storage/timescale/markets.go	F027
internal/storage/timescale/markets.go	F027
internal/storage/timescale/markets.go	F027
internal/storage/timescale/markets.go	F028
internal/storage/timescale/markets.go	F028
internal/storage/timescale/markets.go	K031
internal/storage/timescale/markets.go	K031
internal/storage/timescale/per_source_gaps.go	#358
internal/storage/timescale/per_source_gaps.go	#483
internal/storage/timescale/per_source_gaps.go	2026-03-12
internal/storage/timescale/per_source_gaps.go	2026-05-20
internal/storage/timescale/per_source_gaps.go	2026-05-22
internal/storage/timescale/per_source_gaps.go	2026-05-27
internal/storage/timescale/per_source_gaps.go	2026-05-28
internal/storage/timescale/per_source_gaps.go	2026-05-28
internal/storage/timescale/per_source_gaps.go	2026-05-29
internal/storage/timescale/per_source_gaps.go	2026-05-29
internal/storage/timescale/per_source_gaps.go	2026-05-29
internal/storage/timescale/per_source_gaps.go	2026-05-29
internal/storage/timescale/per_source_gaps.go	2026-05-29
internal/storage/timescale/per_source_gaps.go	2026-05-29
internal/storage/timescale/per_source_gaps.go	2026-05-29
internal/storage/timescale/per_source_gaps.go	2026-06-01
internal/storage/timescale/per_source_gaps.go	2026-06-01
internal/storage/timescale/per_source_gaps.go	2026-06-01
internal/storage/timescale/per_source_gaps.go	2026-06-16
internal/storage/timescale/per_source_gaps.go	2026-06-16
internal/storage/timescale/per_source_gaps.go	2026-07-09
internal/storage/timescale/per_source_gaps.go	2026-07-17
internal/storage/timescale/per_source_gaps.go	2026-08
internal/storage/timescale/per_source_gaps.go	2026-08-03
internal/storage/timescale/per_source_gaps.go	2026-08-03
internal/storage/timescale/per_source_gaps.go	2026-08-03
internal/storage/timescale/per_source_gaps.go	2026-08-03
internal/storage/timescale/per_source_gaps.go	2026-08-03
internal/storage/timescale/per_source_gaps.go	2026-08-28
internal/storage/timescale/per_source_gaps.go	2026-08-28
internal/storage/timescale/per_source_gaps.go	2026-08-28
internal/storage/timescale/per_source_gaps.go	2026-09-23
internal/storage/timescale/per_source_gaps.go	F-0020
internal/storage/timescale/per_source_gaps.go	Pre-2024
internal/storage/timescale/phoenix_admin_events.go	INV-3
internal/storage/timescale/phoenix_initialize.go	INV-3
internal/storage/timescale/phoenix_liquidity.go	2026-07-02
internal/storage/timescale/phoenix_liquidity.go	2026-07-08
internal/storage/timescale/phoenix_liquidity.go	F-1324
internal/storage/timescale/phoenix_liquidity.go	F-1324
internal/storage/timescale/phoenix_liquidity.go	INV-3
internal/storage/timescale/phoenix_liquidity.go	INV-3
internal/storage/timescale/phoenix_stake_events.go	F-1324
internal/storage/timescale/phoenix_stake_events.go	F-1324
internal/storage/timescale/phoenix_stake_events.go	INV-3
internal/storage/timescale/phoenix_stake_events.go	INV-3
internal/storage/timescale/pool_tokens.go	2026-07-08
internal/storage/timescale/positions_holders.go	2026-09-17
internal/storage/timescale/price_source_contributions.go	INV-3
internal/storage/timescale/priceless_coverage.go	2026-09-19
internal/storage/timescale/priceless_coverage.go	2026-09-19
internal/storage/timescale/priceless_coverage.go	2026-09-19
internal/storage/timescale/projection_dirty_window.go	#325
internal/storage/timescale/projection_dirty_window.go	#325
internal/storage/timescale/projection_dirty_window.go	2026-07-27
internal/storage/timescale/projection_dirty_window.go	2026-07-31
internal/storage/timescale/projection_dirty_window.go	F075
internal/storage/timescale/projection_dirty_window.go	F075
internal/storage/timescale/projection_dirty_window.go	INV-5
internal/storage/timescale/protocol_bespoke.go	2026-07
internal/storage/timescale/protocol_bespoke.go	2026-07-02
internal/storage/timescale/protocol_bespoke.go	2026-07-08
internal/storage/timescale/protocol_bespoke.go	2026-07-08
internal/storage/timescale/protocol_bespoke.go	2026-07-30
internal/storage/timescale/protocol_bespoke.go	2026-07-30
internal/storage/timescale/protocol_bespoke.go	2026-07-31
internal/storage/timescale/protocol_bespoke.go	2026-07-31
internal/storage/timescale/protocol_bespoke_cctp.go	2026-07-30
internal/storage/timescale/protocol_bespoke_cctp.go	2026-07-31
internal/storage/timescale/protocol_contracts.go	2026-07-07
internal/storage/timescale/protocol_contracts.go	2026-07-07
internal/storage/timescale/protocol_contracts.go	2026-09-03
internal/storage/timescale/protocol_contracts.go	2026-09-03
internal/storage/timescale/protocol_stats.go	2026-07-06
internal/storage/timescale/protocol_stats.go	2026-07-06
internal/storage/timescale/row_counts.go	2026-07-25
internal/storage/timescale/rozo_events.go	INV-3
internal/storage/timescale/rozo_events.go	INV-3
internal/storage/timescale/sac_balance_seed_provenance.go	2026-07-06
internal/storage/timescale/sep1_bound_currencies.go	2026-09-12
internal/storage/timescale/sep41_copy.go	2026-07-05
internal/storage/timescale/sep41_copy.go	INV-3
internal/storage/timescale/sep41_copy.go	INV-3
internal/storage/timescale/sep41_copy.go	INV-3
internal/storage/timescale/sep41_copy.go	INV-3
internal/storage/timescale/sep41_supply_events.go	2026-07-05
internal/storage/timescale/sep41_supply_events.go	2026-07-05
internal/storage/timescale/sep41_supply_events.go	2026-07-06
internal/storage/timescale/sep41_supply_events.go	2026-07-06
internal/storage/timescale/sep41_supply_events.go	2026-07-06
internal/storage/timescale/sep41_supply_events.go	2026-07-06
internal/storage/timescale/sep41_supply_events.go	2026-07-06
internal/storage/timescale/sep41_supply_events.go	2026-07-06
internal/storage/timescale/sep41_supply_events.go	2026-08-04
internal/storage/timescale/sep41_supply_events.go	2026-08-04
internal/storage/timescale/sep41_supply_events.go	2026-08-04
internal/storage/timescale/sep41_supply_events.go	2026-08-04
internal/storage/timescale/sep41_supply_events.go	2026-08-04
internal/storage/timescale/sep41_supply_events.go	2026-08-04
internal/storage/timescale/sep41_supply_events.go	2026-09-02
internal/storage/timescale/sep41_supply_events.go	2026-09-02
internal/storage/timescale/sep41_supply_events.go	2026-09-02
internal/storage/timescale/sep41_supply_events.go	CS-102
internal/storage/timescale/sep41_supply_events.go	F-1236
internal/storage/timescale/sep41_supply_events.go	F-1324
internal/storage/timescale/sep41_supply_events.go	F-1324
internal/storage/timescale/sep41_supply_events.go	F024
internal/storage/timescale/sep41_supply_events.go	F159
internal/storage/timescale/sep41_supply_events.go	INV-3
internal/storage/timescale/sep41_supply_events.go	INV-3
internal/storage/timescale/sep41_supply_events.go	INV-3
internal/storage/timescale/sep41_supply_events.go	INV-3
internal/storage/timescale/sep41_supply_events.go	INV-3
internal/storage/timescale/sep41_supply_events.go	PR 2
internal/storage/timescale/sep41_transfers.go	2026-08-08
internal/storage/timescale/sep41_transfers.go	INV-3
internal/storage/timescale/sep41_transfers.go	INV-3
internal/storage/timescale/sep41_transfers.go	INV-3
internal/storage/timescale/serving.go	2026-07-16
internal/storage/timescale/serving.go	2026-08-14
internal/storage/timescale/serving.go	2026-08-24
internal/storage/timescale/soroban_events.go	F-0020
internal/storage/timescale/soroban_events.go	F-0020
internal/storage/timescale/sorocredit.go	INV-3
internal/storage/timescale/sorocredit.go	INV-3
internal/storage/timescale/sorocredit.go	INV-3
internal/storage/timescale/sorocredit.go	INV-3
internal/storage/timescale/soroswap_liquidity.go	INV-3
internal/storage/timescale/soroswap_router_swaps.go	INV-3
internal/storage/timescale/soroswap_skim_events.go	INV-3
internal/storage/timescale/soroswap_skim_events.go	INV-3
internal/storage/timescale/source_coverage.go	2026-08-28
internal/storage/timescale/source_coverage.go	2026-08-28
internal/storage/timescale/store.go	2026-05-12
internal/storage/timescale/store.go	2026-07-16
internal/storage/timescale/store.go	2026-07-24
internal/storage/timescale/store.go	2026-08-28
internal/storage/timescale/store.go	CS-102
internal/storage/timescale/store.go	F-0151
internal/storage/timescale/store.go	F-0151
internal/storage/timescale/store.go	F-0151
internal/storage/timescale/store.go	F-0151
internal/storage/timescale/store.go	F-1243
internal/storage/timescale/store.go	INV-3
internal/storage/timescale/store.go	INV-3
internal/storage/timescale/supply.go	CS-087
internal/storage/timescale/supply.go	CS-087
internal/storage/timescale/supply.go	F-1205
internal/storage/timescale/supply.go	INV-3
internal/storage/timescale/supply.go	INV-3
internal/storage/timescale/supply.go	INV-3
internal/storage/timescale/topic_samples.go	#802
internal/storage/timescale/topic_samples.go	2026-07-06
internal/storage/timescale/topic_samples.go	2026-07-06
internal/storage/timescale/topic_samples.go	2026-07-11
internal/storage/timescale/topic_samples.go	2026-07-11
internal/storage/timescale/topic_samples.go	2026-07-11
internal/storage/timescale/topic_samples.go	2026-07-11
internal/storage/timescale/trades.go	2026-06-01
internal/storage/timescale/trades.go	2026-06-11
internal/storage/timescale/trades.go	2026-07-05
internal/storage/timescale/trades.go	2026-07-05
internal/storage/timescale/trades.go	2026-07-05
internal/storage/timescale/trades.go	2026-07-07
internal/storage/timescale/trades.go	2026-07-07
internal/storage/timescale/trades.go	2026-07-07
internal/storage/timescale/trades.go	2026-07-08
internal/storage/timescale/trades.go	2026-07-17
internal/storage/timescale/trades.go	2026-07-17
internal/storage/timescale/trades.go	2026-07-22
internal/storage/timescale/trades.go	2026-08-03
internal/storage/timescale/trades.go	2026-08-04
internal/storage/timescale/trades.go	2026-08-04
internal/storage/timescale/trades.go	2026-08-11
internal/storage/timescale/trades.go	2026-08-11
internal/storage/timescale/trades.go	2026-09-05
internal/storage/timescale/trades.go	2026-09-05
internal/storage/timescale/trades.go	2026-09-05
internal/storage/timescale/trades.go	2026-09-09
internal/storage/timescale/trades.go	2026-09-09
internal/storage/timescale/trades.go	2026-09-09
internal/storage/timescale/trades.go	2026-09-13
internal/storage/timescale/trades.go	CS-040
internal/storage/timescale/trades.go	CS-040
internal/storage/timescale/trades.go	CS-040
internal/storage/timescale/trades.go	CS-040
internal/storage/timescale/trades.go	CS-040
internal/storage/timescale/trades.go	F-1243
internal/storage/timescale/trades.go	F-1243
internal/storage/timescale/trades.go	F-1268
internal/storage/timescale/trades.go	F-1319
internal/storage/timescale/trades.go	F044
internal/storage/timescale/trades.go	F044
internal/storage/timescale/trades.go	INV-3
internal/storage/timescale/trades.go	INV-3
internal/storage/timescale/trades.go	INV-3
internal/storage/timescale/trades.go	INV-3
internal/storage/timescale/trades_bulk.go	2026-07-09
internal/storage/timescale/trades_bulk.go	INV-3
internal/storage/timescale/trades_bulk.go	INV-6
internal/storage/timescale/trades_chunks.go	2026-01-01
internal/storage/timescale/trades_chunks.go	2026-08
internal/storage/timescale/trades_chunks.go	2026-09-03
internal/storage/timescale/trades_chunks.go	2026-09-10
internal/storage/timescale/trades_chunks.go	2026-09-10
internal/storage/timescale/transitive_price.go	2026-08-27
internal/storage/timescale/usd_fx_resolver.go	2024-03-12
internal/storage/timescale/usd_fx_resolver.go	2024-03-12
internal/storage/timescale/usd_fx_resolver.go	2024-11
internal/storage/timescale/usd_fx_resolver.go	2025-01
internal/storage/timescale/usd_fx_resolver.go	2026-02
internal/storage/timescale/usd_fx_resolver.go	2026-03-12
internal/storage/timescale/usd_fx_resolver.go	2026-06-11
internal/storage/timescale/usd_fx_resolver.go	2026-06-11
internal/storage/timescale/usd_fx_resolver.go	2026-07-17
internal/storage/timescale/usd_fx_resolver.go	2026-07-17
internal/storage/timescale/usd_fx_resolver.go	2026-07-22
internal/storage/timescale/usd_fx_resolver.go	2026-07-22
internal/storage/timescale/usd_fx_resolver.go	2026-07-22
internal/storage/timescale/usd_fx_resolver.go	2026-07-22
internal/storage/timescale/usd_fx_resolver.go	2026-09-03
internal/storage/timescale/usd_fx_resolver.go	F-1251
internal/storage/timescale/usd_fx_resolver.go	F-1251
internal/storage/timescale/usd_fx_resolver.go	F-1251
internal/storage/timescale/usd_fx_resolver.go	F-1251
internal/storage/timescale/usd_fx_resolver.go	F-1251
internal/storage/timescale/usd_fx_resolver.go	F-1251
internal/storage/timescale/usd_fx_resolver.go	F-1268
internal/storage/timescale/usd_volume_quote_spec.go	2026-05-12
internal/storage/timescale/usd_volume_quote_spec.go	F-1268
internal/storage/timescale/usd_volume_reconcile.go	#372
internal/storage/timescale/usd_volume_restamp.go	2026-07-30
internal/storage/timescale/usd_volume_restamp.go	2026-07-30
internal/storage/timescale/usd_volume_restamp.go	2026-08
internal/storage/timescale/usd_volume_restamp.go	2026-09-06
internal/storage/timescale/usd_volume_restamp.go	INV-3
internal/storage/timescale/usd_volume_restamp.go	INV-3
internal/storage/timescale/usd_volume_restamp.go	pre-2026
internal/storage/timescale/usd_volume_restamp_cexfx.go	2026-07-17
internal/storage/timescale/usd_volume_restamp_cexfx.go	2026-07-22
internal/storage/timescale/usd_volume_restamp_legs.go	#372
internal/storage/timescale/usd_volume_restamp_legs.go	2026-08-04
internal/storage/timescale/usd_volume_restamp_legs.go	2026-08-11
internal/storage/timescale/usd_volume_restamp_legs.go	INV-3
internal/storage/timescale/usd_volume_restamp_xlmbase.go	#372
internal/storage/timescale/usd_volume_restamp_xlmbase.go	#372
internal/storage/timescale/usd_volume_restamp_xlmbase.go	#372
internal/storage/timescale/usd_volume_restamp_xlmbase.go	#372
internal/storage/timescale/usd_volume_restamp_xlmbase.go	#372
internal/storage/timescale/usd_volume_restamp_xlmbase.go	2026-03
internal/storage/timescale/usd_volume_restamp_xlmbase.go	2026-04
internal/storage/timescale/usd_volume_restamp_xlmbase.go	2026-05
internal/storage/timescale/usd_volume_restamp_xlmbase.go	2026-05-19
internal/storage/timescale/usd_volume_restamp_xlmbase.go	2026-06
internal/storage/timescale/usd_volume_restamp_xlmbase.go	2026-07
internal/storage/timescale/usd_volume_restamp_xlmbase.go	2026-07-18
internal/storage/timescale/usd_volume_restamp_xlmbase.go	2026-07-19
internal/storage/timescale/usd_volume_restamp_xlmbase.go	2026-07-19
internal/storage/timescale/usd_volume_restamp_xlmbase.go	2026-07-20
internal/storage/timescale/usd_volume_restamp_xlmbase.go	2026-07-20
internal/storage/timescale/usd_volume_restamp_xlmbase.go	2026-07-20
internal/storage/timescale/usd_volume_restamp_xlmbase.go	2026-07-20
internal/storage/timescale/usd_volume_restamp_xlmbase.go	2026-07-21
internal/storage/timescale/usd_volume_restamp_xlmbase.go	2026-07-21
internal/storage/timescale/usd_volume_restamp_xlmbase.go	2026-07-21
internal/storage/timescale/usd_volume_restamp_xlmbase.go	2026-07-21
internal/storage/timescale/usd_volume_restamp_xlmbase.go	2026-07-22
internal/storage/timescale/usd_volume_restamp_xlmbase.go	2026-07-22
internal/storage/timescale/usd_volume_restamp_xlmbase.go	2026-08
internal/storage/timescale/usd_volume_restamp_xlmbase.go	2026-08
internal/storage/timescale/usd_volume_restamp_xlmbase.go	2026-08
internal/storage/timescale/usd_volume_restamp_xlmbase.go	2026-08-04
internal/storage/timescale/usd_volume_restamp_xlmbase.go	2026-09-03
internal/storage/timescale/usd_volume_restamp_xlmbase.go	2026-09-06
internal/storage/timescale/usd_volume_restamp_xlmbase.go	INV-3
internal/storage/timescale/usd_volume_restamp_xlmbase.go	INV-3
internal/storage/timescale/usd_volume_restamp_xlmquote.go	INV-3
internal/usage/counter.go	2026-08-03
internal/usage/counter.go	2026-08-03
internal/usage/counter.go	F-1226
internal/usage/counter.go	F-1258
internal/usage/counter.go	RLT-404
internal/worker/guardscan/guardscan.go	#368
internal/worker/guardscan/guardscan.go	#558
scripts/ci/lint-chaos-ci-wiring/main.go	T430
scripts/ci/lint-chaos-ci-wiring/main.go	T430
scripts/ci/lint-derive-generation-guard/main.go	INV-3
scripts/ci/lint-derive-generation-guard/main.go	T351
scripts/ci/lint-golangci-config/main.go	#275
scripts/ci/lint-golangci-config/main.go	#317
scripts/ci/lint-golangci-config/main.go	2026-08-28
scripts/ci/lint-rule-equivalence/main.go	CS-098
scripts/ci/lint-rule-equivalence/main.go	F-1222
scripts/ops/circulation-fetch/main.go	2026-05-08
scripts/ops/fx-history-backfill/main.go	2026-08-14
scripts/ops/fx-history-backfill/main.go	INV-3
test/controlwiring/doc.go	K023
test/harness/timescale.go	2026-06-15
test/harness/timescale.go	2026-08-13
test/integration/doc.go	F-1334
