# lint-test-patterns.baseline — grandfathered AST-reading and markdown-reading tests.
#
#   go-ast   _test.go imports go/parser or go/ast
#   md-read  _test.go reads a *.md file
#
# SHRINK-ONLY: lint-test-patterns.sh fails on entries whose file no longer
# matches; delete the line when you remove the test. Additions need a
# Baseline-Growth: commit trailer (lint-baseline-growth.sh).
go-ast cmd/stellarindex-aggregator/freeze_wiring_guard_test.go
go-ast cmd/stellarindex-aggregator/lake_dial_wiring_guard_test.go
go-ast cmd/stellarindex-aggregator/main_wiring_rules_test.go
go-ast cmd/stellarindex-aggregator/price_alert_scam_gate_test.go
go-ast cmd/stellarindex-aggregator/webhook_withholding_test.go
go-ast cmd/stellarindex-api/dex_tvl_gate_wiring_test.go
go-ast cmd/stellarindex-api/main_wiring_rules_test.go
go-ast cmd/stellarindex-api/price_at_guard_wiring_test.go
go-ast cmd/stellarindex-api/price_withholding_gate_test.go
go-ast cmd/stellarindex-api/thin_admission_guard_test.go
go-ast cmd/stellarindex-indexer/main_wiring_rules_test.go
go-ast cmd/stellarindex-indexer/shutdown_drain_test.go
go-ast internal/aggregate/inplace_filter_test.go
go-ast internal/aggregate/orchestrator/fixture_range_guard_test.go
go-ast internal/api/v1/catalogue_scam_suppression_test.go
go-ast internal/api/v1/dashboardauth/middleware_test.go
go-ast internal/api/v1/dashboardkeys/csrf_mount_test.go
go-ast internal/api/v1/dex_tvl_exclusion_claims_internal_test.go
go-ast internal/api/v1/handler_budget_test.go
go-ast internal/api/v1/middleware/cachecontrol_routes_test.go
go-ast internal/api/v1/movements_provenance_enum_test.go
go-ast internal/api/v1/request_maxlength_test.go
go-ast internal/api/v1/request_timeout_disable_internal_test.go
go-ast internal/api/v1/rwa_pipeline_guard_test.go
go-ast internal/api/v1/scam_gate_pair_seam_test.go
go-ast internal/api/v1/slo_guard_lake_wiring_test.go
go-ast internal/api/v1/slo_guard_test.go
go-ast internal/api/v1/source_class_spec_test.go
go-ast internal/api/v1/source_shape_rules_internal_test.go
go-ast internal/api/v1/supply_basis_enum_test.go
go-ast internal/api/v1/wire_time_test.go
go-ast internal/canonical/asset_type_exhaustive_guard_test.go
go-ast internal/canonical/float_money_field_guard_test.go
go-ast internal/canonical/i128_truncation_guard_test.go
go-ast internal/canonical/wire_money_guard_test.go
go-ast internal/dispatcher/claimatom_lockstep_test.go
go-ast internal/dispatcher/entry_walk_version_stamped_test.go
go-ast internal/divergence/worker_test.go
go-ast internal/httpx/keyed_client_guard_test.go
go-ast internal/metadata/cache_test.go
go-ast internal/ops/chops/catalogue_completeness_test.go
go-ast internal/ops/chops/completeness_panic_guard_test.go
go-ast internal/ops/chops/source_shape_rules_test.go
go-ast internal/ops/diagnostics/source_shape_rules_test.go
go-ast internal/ops/ingest/projector_replay_refresh_test.go
go-ast internal/ops/opsutil/range_cursor_key_test.go
go-ast internal/pipeline/gated_registry_curated_test.go
go-ast internal/pipeline/late_trade_refresh_guard_test.go
go-ast internal/pipeline/lockstep_ast_test.go
go-ast internal/pipeline/sink_test.go
go-ast internal/platform/postgresstore/apikey_store_test.go
go-ast internal/platform/webhook_event_types_test.go
go-ast internal/pricingguard/gate_guard_test.go
go-ast internal/pricingguard/surface_labels_test.go
go-ast internal/sources/aquarius/source_test.go
go-ast internal/storage/timescale/cagg_refresh_set_test.go
go-ast internal/storage/timescale/pair_direction_guard_test.go
go-ast internal/storage/timescale/prices_1m_direction_union_test.go
go-ast internal/storage/timescale/retention_policy_test.go
go-ast internal/storage/timescale/source_shape_rules_test.go
go-ast internal/supply/basis_lower_bound_test.go
go-ast pkg/client/doc_coverage_test.go
go-ast pkg/client/godoc_links_test.go
go-ast test/controlwiring/replay_backfillsafe_test.go
md-read internal/aggregate/confidence/adr_parity_test.go
md-read internal/aggregate/vwap_methodology_doc_test.go
md-read internal/api/v1/methodology_pages_doc_lockstep_test.go
md-read internal/api/v1/methodology_rwa_doc_lockstep_test.go
md-read internal/api/v1/protocols_verification_pages_test.go
md-read internal/api/v1/public_claims_test.go
md-read internal/api/v1/register_test.go
md-read internal/canonical/asset_rwa_test.go
md-read internal/config/selfhosting_doc_test.go
md-read internal/customerwebhook/retry_window_internal_test.go
md-read internal/incidents/incidents_test.go
md-read internal/ops/archive/verify_archive_tier_e_test.go
md-read internal/ops/chops/ch_rebuild_backfillsafe_test.go
md-read internal/ops/ingest/backfill_procedure_docs_test.go
md-read internal/ops/ingest/directory_sync_test.go
md-read internal/pricingguard/surface_labels_test.go
md-read internal/sources/aquarius/router_gate_test.go
md-read internal/sources/blend/doc_parity_test.go
md-read internal/sources/classicmovements/doc_cardinality_test.go
md-read internal/sources/phoenix/readme_groupkey_test.go
md-read internal/sources/redstone/decode_test.go
md-read internal/sources/redstone/readme_test.go
md-read internal/sources/reflector/decode_test.go
md-read internal/sources/sorocredit/audit_doc_test.go
md-read internal/sources/sushiswap_v3/doc_parity_test.go
md-read internal/storage/clickhouse/token_decimals_doc_test.go
md-read internal/storage/timescale/retention_policy_test.go
md-read internal/usage/rollup_docs_test.go
md-read migrations/readme_test.go
md-read migrations/webhook_deliveries_runbook_test.go
md-read test/controlwiring/dockerignore_test.go
md-read test/controlwiring/engineering_standards_gap_claims_test.go
md-read test/controlwiring/integration_pkgs_trigger_evidence_test.go
md-read test/controlwiring/legacy_issue_refs_test.go
md-read test/controlwiring/local_verification_doc_integration_class_test.go
md-read test/controlwiring/verify_archive_fail_on_missed_test.go
