# History citations in product Go comments, one per comment line: <path>\t<first match>.
# Shrink-only: delete a line when its citation goes; scripts/ci/lint-comments fails on new or stale entries.
internal/ops/ingest/backfill_index.go	2017-08-23
internal/ops/ingest/backfill_index.go	2017-11-15
internal/ops/ingest/backfill_index.go	2018-02-15
internal/ops/ingest/backfill_index.go	pre-2018
internal/sources/blend_emitter/events.go	2026-07-09
internal/sources/blend_emitter/events.go	2026-07-09
internal/sources/blend_emitter/events.go	2026-07-09
internal/sources/blend_emitter/events.go	2026-07-10
internal/sources/blend_emitter/events.go	2026-07-10
internal/sources/classicmovements/decode.go	2026-07-12
internal/sources/classicmovements/dispatcher_adapter.go	2026-07-13
internal/sources/classicmovements/doc.go	2025-09-03
internal/sources/classicmovements/events.go	2025-09-03
internal/sources/external/binance/events.go	2026-04-24
internal/sources/external/bitstamp/pairs.go	2026-05-05
internal/sources/external/bitstamp/parse.go	2026-04-24
internal/sources/external/chainlink/defaults.go	2026-05-14
internal/sources/external/coinbase/pairs.go	2026-05-05
internal/sources/external/coinbase/pairs.go	2026-08-27
internal/sources/external/coingecko/backfill.go	#600
internal/sources/external/coingecko/backfill.go	2026-09-08
internal/sources/external/coingecko/poller.go	2026-04-24
internal/sources/external/coingecko/poller.go	2026-05-09
internal/sources/external/coingecko/poller.go	2026-05-10
internal/sources/external/coinmarketcap/poller.go	#600
internal/sources/external/coinmarketcap/poller.go	2026-04-24
internal/sources/external/ecb/poller.go	2026-04-23
internal/sources/external/ecb/poller.go	2026-04-24
internal/sources/external/exchangeratesapi/events.go	2026-04-24
internal/sources/external/exchangeratesapi/events.go	2026-04-24
internal/sources/external/kraken/events.go	2026-04
internal/sources/external/kraken/pairs.go	2026-05-05
internal/sources/external/kraken/parse.go	2026-04-24
internal/sources/external/tiingo/events.go	2026-09
internal/sources/external/tiingo/events.go	2026-09-22
internal/sources/reflector/decode.go	2026-04-23
internal/sources/sorobanevents/dispatcher_adapter.go	2026-05-26
internal/sources/sorocredit/dispatcher_adapter.go	2026-07-07
internal/sources/sorocredit/events.go	2026-03-12
internal/sources/sorocredit/events.go	2026-07-07
internal/sources/sorocredit/events.go	2026-07-07
internal/sources/soroswap_router/events.go	2026-05-19
internal/sources/sushiswap_v3/events.go	2026-09-05
internal/sources/sushiswap_v3/events.go	2026-09-05
internal/sources/upshift/events.go	2026-09-09
internal/sources/upshift/events.go	2026-09-09
internal/sources/upshift/events.go	2026-09-09
internal/storage/timescale/aggregates.go	2000-01-03
internal/storage/timescale/bespoke_dex.go	2026-03-18
internal/storage/timescale/bespoke_dex.go	2026-03-18
internal/storage/timescale/bespoke_lending.go	2024-05-02
internal/storage/timescale/bespoke_oracle.go	2026-03-11
internal/storage/timescale/bespoke_yield.go	2025-05-13
internal/storage/timescale/diagnostics.go	2026-05-14
internal/storage/timescale/diagnostics.go	2026-05-14
internal/storage/timescale/per_source_gaps.go	2026-03-12
internal/storage/timescale/protocol_bespoke.go	2026-07
internal/storage/timescale/trades_chunks.go	2026-08
internal/storage/timescale/usd_fx_resolver.go	2024-03-12
internal/storage/timescale/usd_fx_resolver.go	2024-03-12
internal/storage/timescale/usd_fx_resolver.go	2024-11
internal/storage/timescale/usd_fx_resolver.go	2025-01
internal/storage/timescale/usd_fx_resolver.go	2026-02
internal/storage/timescale/usd_fx_resolver.go	2026-03-12
internal/storage/timescale/usd_volume_restamp.go	2026-08
